09:45:53.892 [main] INFO  o.s.t.c.s.AnnotationConfigContextLoaderUtils - Could not detect default configuration classes for test class [com.ruudschroen.proficiency.intermediate.MainTests]: MainTests does not declare any static, non-private, non-final, nested classes annotated with @Configuration.
09:45:53.951 [main] INFO  o.s.b.t.c.SpringBootTestContextBootstrapper - Found @SpringBootConfiguration com.ruudschroen.proficiency.intermediate.Main for test class com.ruudschroen.proficiency.intermediate.MainTests
09:45:54.150 [main] INFO  c.r.p.intermediate.MainTests - Starting MainTests using Java 21.0.2 with PID 71267 (started by ruud in /Users/ruud/dev/java-proficiency-scales/intermediate)
09:45:54.151 [main] INFO  c.r.p.intermediate.MainTests - No active profile set, falling back to 1 default profile: "default"
09:45:54.806 [main] WARN  o.s.b.s.a.UserDetailsServiceAutoConfiguration - 

Using generated security password: b75f765d-bb04-4f39-9f70-12900124e0c1

This generated password is for development use only. Your security configuration must be updated before running your application in production.

09:45:54.829 [main] INFO  o.s.s.c.a.a.c.InitializeUserDetailsBeanManagerConfigurer$InitializeUserDetailsManagerConfigurer - Global AuthenticationManager configured with UserDetailsService bean with name inMemoryUserDetailsManager
09:45:54.933 [main] INFO  c.r.p.intermediate.MainTests - Started MainTests in 0.904 seconds (process running for 1.633)
09:46:08.525 [main] INFO  c.r.proficiency.intermediate.Main - Starting Main v0.0.1-SNAPSHOT using Java 21.0.2 with PID 71467 (/Users/ruud/dev/java-proficiency-scales/intermediate/target/intermediate-0.0.1-SNAPSHOT.jar started by ruud in /Users/ruud/dev/java-proficiency-scales/intermediate)
09:46:08.527 [main] INFO  c.r.proficiency.intermediate.Main - No active profile set, falling back to 1 default profile: "default"
09:46:09.042 [main] INFO  o.s.boot.tomcat.TomcatWebServer - Tomcat initialized with port 8080 (http)
09:46:09.049 [main] INFO  o.a.coyote.http11.Http11NioProtocol - Initializing ProtocolHandler ["http-nio-8080"]
09:46:09.050 [main] INFO  o.a.catalina.core.StandardService - Starting service [Tomcat]
09:46:09.050 [main] INFO  o.a.catalina.core.StandardEngine - Starting Servlet engine: [Apache Tomcat/11.0.15]
09:46:09.069 [main] INFO  o.s.b.w.c.s.WebApplicationContextInitializer - Root WebApplicationContext: initialization completed in 509 ms
09:46:09.359 [main] WARN  o.s.b.s.a.UserDetailsServiceAutoConfiguration - 

Using generated security password: 4074590f-14eb-45b4-9c63-a495f4b65cf9

This generated password is for development use only. Your security configuration must be updated before running your application in production.

09:46:09.390 [main] INFO  o.s.s.c.a.a.c.InitializeUserDetailsBeanManagerConfigurer$InitializeUserDetailsManagerConfigurer - Global AuthenticationManager configured with UserDetailsService bean with name inMemoryUserDetailsManager
09:46:09.474 [main] INFO  o.a.coyote.http11.Http11NioProtocol - Starting ProtocolHandler ["http-nio-8080"]
09:46:09.500 [main] INFO  o.s.boot.tomcat.TomcatWebServer - Tomcat started on port 8080 (http) with context path '/'
09:46:09.509 [main] INFO  c.r.proficiency.intermediate.Main - Started Main in 1.188 seconds (process running for 1.541)
09:46:11.549 [SpringApplicationShutdownHook] INFO  o.s.boot.tomcat.GracefulShutdown - Commencing graceful shutdown. Waiting for active requests to complete
09:46:11.557 [tomcat-shutdown] INFO  o.s.boot.tomcat.GracefulShutdown - Graceful shutdown complete
