14:30:54.979 [main] INFO  com.ruudschroen.Main - Hello world!
14:33:43.267 [main] INFO  com.ruudschroen.Main - Hello world!
14:34:44.573 [main] INFO  com.ruudschroen.Main - Hello world!
15:42:16.728 [main] INFO  com.ruudschroen.Main - The movie Top Gun: Maverick has a IMDB rating of '8.2'
15:53:16.702 [main] INFO  com.ruudschroen.Main - The movie Top Gun: Maverick has a IMDB rating of '8.2'
15:53:27.569 [main] INFO  com.ruudschroen.Main - The movie "Top Gun: Maverick" has a IMDB rating of "8.2"
15:53:56.423 [main] INFO  com.ruudschroen.Main - The movie "Top Gun: Maverick" has an IMDB rating of 8.2
15:57:48.741 [main] INFO  com.ruudschroen.Main - The movie "Top Gun: Maverick" has an IMDB rating of 8.2
15:58:53.619 [main] INFO  com.ruudschroen.Main - The movie "Top Gun: Maverick" has an IMDB rating of 8.2
15:59:03.260 [main] INFO  com.ruudschroen.Main - The movie "New Kids Turbo" has an IMDB rating of 6.4
15:59:15.865 [main] INFO  com.ruudschroen.Main - The movie "Top Gun: Maverick" has an IMDB rating of 8.2
16:01:48.028 [main] INFO  com.ruudschroen.Main - The movie "Top Gun: Maverick" has an IMDB rating of 8.2
16:01:48.030 [main] INFO  com.ruudschroen.Main - It received the following ratings from critics:
16:01:48.030 [main] INFO  com.ruudschroen.Main - -  Internet Movie Database 8.2/10
16:01:48.030 [main] INFO  com.ruudschroen.Main - -  Rotten Tomatoes 96%
16:01:48.030 [main] INFO  com.ruudschroen.Main - -  Metacritic 78/100
16:02:15.790 [main] INFO  com.ruudschroen.Main - The movie "Top Gun: Maverick" has an IMDB rating of 8.2
16:02:15.792 [main] INFO  com.ruudschroen.Main - It received the following ratings from critics:
16:02:15.792 [main] INFO  com.ruudschroen.Main -    -  Internet Movie Database 8.2/10
16:02:15.792 [main] INFO  com.ruudschroen.Main -    -  Rotten Tomatoes 96%
16:02:15.792 [main] INFO  com.ruudschroen.Main -    -  Metacritic 78/100
16:02:27.371 [main] INFO  com.ruudschroen.Main - The movie "Top Gun: Maverick" has an IMDB rating of 8.2
16:02:27.373 [main] INFO  com.ruudschroen.Main - It received the following ratings from critics:
16:02:27.373 [main] INFO  com.ruudschroen.Main -    *  Internet Movie Database 8.2/10
16:02:27.373 [main] INFO  com.ruudschroen.Main -    *  Rotten Tomatoes 96%
16:02:27.373 [main] INFO  com.ruudschroen.Main -    *  Metacritic 78/100
09:23:28.430 [main] INFO  com.ruudschroen.Main - The movie "Top Gun: Maverick" has an IMDB rating of 8.2
09:23:28.431 [main] INFO  com.ruudschroen.Main - It received the following ratings from critics:
09:23:28.432 [main] INFO  com.ruudschroen.Main -    *  Internet Movie Database 8.2/10
09:23:28.432 [main] INFO  com.ruudschroen.Main -    *  Rotten Tomatoes 96%
09:23:28.432 [main] INFO  com.ruudschroen.Main -    *  Metacritic 78/100
